{"version":"memora.msql.ast/v1","statement":{"kind":"SHOW","show":{"object":"DATABASES"}}}
{"version":"memora.msql.ast/v1","statement":{"kind":"DESCRIBE","describe":{"object":"TABLE","name":{"parts":[{"value":"work"},{"value":"notes"}]},"compact":true}}}
{"version":"memora.msql.ast/v1","statement":{"kind":"CREATE","create":{"object":"TABLE","name":{"parts":[{"value":"notes"}]},"columns":[{"name":{"value":"title"},"type":{"name":{"value":"TEXT"}},"not_null":true},{"name":{"value":"body"},"type":{"name":{"value":"TEXT"},"arguments":[1200]}}]}}}
{"version":"memora.msql.ast/v1","statement":{"kind":"SELECT","select":{"projections":[{"kind":"identifier","name":{"parts":[{"value":"row_id"}]}},{"kind":"identifier","name":{"parts":[{"value":"title"}]}}],"from":{"parts":[{"value":"work"},{"value":"notes"}]},"where":{"kind":"binary","operator":"AND","left":{"kind":"binary","operator":"\u003e=","left":{"kind":"identifier","name":{"parts":[{"value":"revision"}]}},"right":{"kind":"parameter","parameter":{"style":"named","name":"revision","ordinal":1}}},"right":{"kind":"binary","operator":"!=","left":{"kind":"identifier","name":{"parts":[{"value":"title"}]}},"right":{"kind":"literal","literal":{"kind":"string","value":"old"}}}},"limit":{"kind":"parameter","parameter":{"style":"positional","ordinal":2}}}}}
{"version":"memora.msql.ast/v1","statement":{"kind":"INSERT","insert":{"table":{"parts":[{"value":"notes"}]},"columns":[{"value":"title"},{"value":"body"}],"values":[[{"kind":"parameter","parameter":{"style":"named","name":"title","ordinal":1}},{"kind":"parameter","parameter":{"style":"named","name":"body","ordinal":2}}],[{"kind":"literal","literal":{"kind":"string","value":"fallback"}},{"kind":"literal","literal":{"kind":"null"}}]]}}}
{"version":"memora.msql.ast/v1","statement":{"kind":"UPDATE","update":{"table":{"parts":[{"value":"notes"}]},"assignments":[{"column":{"value":"title"},"value":{"kind":"parameter","parameter":{"style":"named","name":"title","ordinal":1}}},{"column":{"value":"revision"},"value":{"kind":"binary","operator":"+","left":{"kind":"identifier","name":{"parts":[{"value":"revision"}]}},"right":{"kind":"literal","literal":{"kind":"number","value":"1"}}}}],"where":{"kind":"binary","operator":"=","left":{"kind":"identifier","name":{"parts":[{"value":"row_id"}]}},"right":{"kind":"parameter","parameter":{"style":"positional","ordinal":2}}}}}}
{"version":"memora.msql.ast/v1","statement":{"kind":"DELETE","delete":{"table":{"parts":[{"value":"notes"}]},"where":{"kind":"binary","operator":"=","left":{"kind":"identifier","name":{"parts":[{"value":"row_id"}]}},"right":{"kind":"parameter","parameter":{"style":"named","name":"row_id","ordinal":1}}}}}}
{"version":"memora.msql.ast/v1","statement":{"kind":"PLAN_ROUTE_MUTATION","plan_route_mutation":{"table":{"parts":[{"value":"work"},{"value":"notes"}]},"proposal":{"kind":"parameter","parameter":{"style":"named","name":"proposal","ordinal":1}}}}}
