assimilation-status	memora assimilate --event '{"version":"memora.assimilation-event/v1","event_id":"book-status-2","task_id":"book-task","workspace":"project-memora","kind":"status"}'
assimilation-receipt	memora assimilate --receipt book-submit-1
semantic-health	memora maintain --report
doctor	memora doctor
discover-databases	memora query "SHOW DATABASES"
discover-schema	memora query "DESCRIBE TABLE work.notes COMPACT"
route	memora query --input '{"parameters":{"named":{"database":"work","path":"/","cursor":"","limit":12}}}' "SHOW ROUTES FROM DATABASE :database AT :path CURSOR :cursor LIMIT :limit"
match	memora query --input '{"parameters":{"named":{"query":"routing design","terms":["routing","router","路由"],"limit":24}}}' "MATCH work.notes QUERY :query TERMS :terms LIMIT :limit"
select	memora query --input '{"parameters":{"named":{"row":"row_01","limit":10}}}' "SELECT title, summary, row_id, revision FROM work.notes WHERE row_id = :row LIMIT :limit"
write	memora exec --input '{"parameters":{"named":{"row":"row_01","summary":"Route results are locators only"}},"mutation":{"expected_schema_version":1,"expected_revision":2,"max_affected_rows":1,"index_terms":["routing","locator"],"route_leaf_ids":["route_query"],"actor":"agent:host","source":"conversation:event-7","reason":"refine verified conclusion"}}' "UPDATE work.notes SET summary = :summary WHERE row_id = :row"
ignore-plan	memora mutate --plan '{"version":"memora.mutation-plan/v1","id":"plan-7","decision":"IGNORE","database":"work","table":"notes","actor":"agent:host","source_event_id":"conversation:event-7","reason":"existing Row already captures it","authorized_databases":["work"],"preflight":[{"id":"duplicate-check","msql":"SELECT row_id, revision FROM work.notes WHERE row_id = :row LIMIT 1","input":{"parameters":{"named":{"row":"row_01"}}},"expect_rows":1}],"steps":[],"verify":[]}'
ensure-schema	memora schema --plan '{"version":"memora.schema-plan/v1","id":"schema-8","actor":"agent:host","source_event_id":"conversation:event-8","reason":"new durable project domain","authorized_databases":["work"],"ensure":{"database":{"name":"work","purpose":"Project knowledge","scope":"Reviewed projects"},"database_synonyms":["projects"],"table":{"name":"notes","purpose":"Durable decisions","row_semantics":"One reviewed decision","columns":[{"name":"title","type":"TEXT(200)","nullable":false,"purpose":"Decision title"}]},"table_synonyms":["decisions"]}}'
checkpoint-conversation	memora reflect --event '{"version":"memora.conversation-event/v1","event_id":"checkpoint-9","session_id":"host-session-2","kind":"checkpoint","workspace":"project-memora","authorized_databases":["work"],"checkpoint":{"active_database":"work","route_path":"/architecture","last_event_id":"event-8"}}'
