Memora is an AI-maintained local personal database.

Usage:
  memora <command> [options]

Commands:
  daemon     Manage the local daemon
  doctor     Verify logical database integrity
  exec       Execute MSQL through the local daemon
  help       Show this help
  init       Initialize a local instance
  mutate     Execute a validated Mutation Plan
  parse      Parse an MSQL request through the local daemon
  query      Query MSQL through the local daemon
  reflect    Ingest an explicit conversation event
  schema     Execute a validated Schema Plan
  version    Show build version

Run 'memora help' for usage.
