Memora is an AI-maintained local personal database.

Usage:
  memora <command> [options]

Commands:
  assimilate  Track, review, and receipt source assimilation
  daemon     Manage the local daemon
  doctor     Verify logical database integrity
  exec       Execute MSQL through the local daemon
  feedback   Record feedback or confirm an auditable revision
  help       Show this help
  init       Initialize a local instance
  maintain   Report and retry low-risk semantic maintenance
  mutate     Execute a validated Mutation Plan
  parse      Parse an MSQL request through the local daemon
  query      Query MSQL through the local daemon
  reflect    Ingest an explicit conversation event
  schema     Execute a validated Schema Plan
  version    Show build version

Run 'memora help' for usage.
