Memora is an AI-maintained local personal database.

Usage:
  memora <command> [options]

Commands:
  admin      Start a temporary local read-only Admin API
  assimilate  Track, review, and receipt source assimilation
  capture    Capture or reload one bounded pending host input
  daemon     Manage the local daemon
  decide     Finalize or reload one Host Input worthiness decision
  doctor     Verify logical database integrity
  exec       Execute MSQL through the local daemon
  export     Export a deterministic Obsidian Wiki
  feedback   Record feedback or confirm an auditable revision
  help       Show this help
  init       Initialize a local instance
  install    Install an explicitly trusted database package
  maintain   Report and retry low-risk semantic maintenance
  mcp        Serve MCP over newline-delimited stdio
  move       Safely move an Instance to another directory or device
  mutate     Execute a validated Mutation Plan
  open       Inspect a database package read-only
  pack       Export one portable database package
  parse      Parse an MSQL request through the local daemon
  query      Query MSQL through the local daemon
  reflect    Ingest an explicit conversation event
  schema     Execute a validated Schema Plan
  upgrade    Plan or apply a transactional Instance format upgrade
  version    Show build version

Run 'memora help' for usage.
